Initializing document watcher...
Document watcher initialized
admin_/README-cloudshell.txt: {"tabSize":4,"indentSize":4,"insertSpaces":true,"cursorStyle":1,"lineNumbers":1}
admin_/README-cloudshell.txt: Using EditorConfig core...
README-cloudshell.txt: Target charset is not set
admin_/README-cloudshell.txt: {"tabSize":4,"indentSize":4,"insertSpaces":true,"cursorStyle":1,"lineNumbers":1}
admin_/ARCHITECTURE.md: {"tabSize":4,"indentSize":4,"insertSpaces":true,"cursorStyle":1,"lineNumbers":1}
admin_/ARCHITECTURE.md: Using EditorConfig core...
ARCHITECTURE.md: Target charset is not set
admin_/ARCHITECTURE.md: Using EditorConfig core...
admin_/ARCHITECTURE.md: Using EditorConfig core...
ARCHITECTURE.md: Target charset is not set
admin_/ARCHITECTURE.md: Using EditorConfig core...
admin_/ARCHITECTURE.md: Using EditorConfig core...
ARCHITECTURE.md: Target charset is not set
admin_/ARCHITECTURE.md: {"tabSize":4,"indentSize":4,"insertSpaces":true,"cursorStyle":1,"lineNumbers":1}
admin_/ARCHITECTURE.md: {"tabSize":4,"indentSize":4,"insertSpaces":true,"cursorStyle":1,"lineNumbers":1}
admin_/ARCHITECTURE.md: {"tabSize":4,"indentSize":4,"insertSpaces":true,"cursorStyle":1,"lineNumbers":1}
admin_/ARCHITECTURE.md: Using EditorConfig core...
admin_/ARCHITECTURE.md: Using EditorConfig core...
ARCHITECTURE.md: Target charset is not set
admin_/ARCHITECTURE.md: Using EditorConfig core...
admin_/ARCHITECTURE.md: Using EditorConfig core...
ARCHITECTURE.md: Target charset is not set
admin_/ARCHITECTURE.md: Using EditorConfig core...
admin_/ARCHITECTURE.md: Using EditorConfig core...
ARCHITECTURE.md: Target charset is not set
admin_/ARCHITECTURE.md: Using EditorConfig core...
admin_/ARCHITECTURE.md: Using EditorConfig core...
ARCHITECTURE.md: Target charset is not set
admin_/README-cloudshell.txt: {"tabSize":4,"indentSize":4,"insertSpaces":true,"cursorStyle":1,"lineNumbers":1}
admin_/README-cloudshell.txt: Using EditorConfig core...
README-cloudshell.txt: Target charset is not set
admin_/ARCHITECTURE.md: {"tabSize":4,"indentSize":4,"insertSpaces":true,"cursorStyle":1,"lineNumbers":1}
admin_/ARCHITECTURE.md: Using EditorConfig core...
ARCHITECTURE.md: Target charset is not set
admin_/ARCHITECTURE.md: {"tabSize":4,"indentSize":4,"insertSpaces":true,"cursorStyle":1,"lineNumbers":1}
admin_/ARCHITECTURE.md: {"tabSize":4,"indentSize":4,"insertSpaces":true,"cursorStyle":1,"lineNumbers":1}
admin_/ArchitecureII.md: {"tabSize":4,"indentSize":4,"insertSpaces":true,"cursorStyle":1,"lineNumbers":1}
admin_/ArchitecureII.md: Using EditorConfig core...
ArchitecureII.md: Target charset is not set
admin_/AechitectureI.md: {"tabSize":4,"indentSize":4,"insertSpaces":true,"cursorStyle":1,"lineNumbers":1}
admin_/AechitectureI.md: Using EditorConfig core...
AechitectureI.md: Target charset is not set
admin_/AechitectureI.md: {"tabSize":4,"indentSize":4,"insertSpaces":true,"cursorStyle":1,"lineNumbers":1}
admin_/ArchitecureII.md: {}
admin_/ArchitecureII.md: {"tabSize":4,"indentSize":4,"insertSpaces":true,"cursorStyle":1,"lineNumbers":1}
admin_/ArchitecureII.md: Using EditorConfig core...
ArchitecureII.md: Target charset is not set
admin_/ArchitecureII.md: Using EditorConfig core...
admin_/ArchitecureII.md: Using EditorConfig core...
ArchitecureII.md: Target charset is not set
admin_/ArchitecureII.md: Using EditorConfig core...
admin_/ArchitecureII.md: Using EditorConfig core...
ArchitecureII.md: Target charset is not set
admin_/ArchitecureII.md: Using EditorConfig core...
admin_/ArchitecureII.md: Using EditorConfig core...
ArchitecureII.md: Target charset is not set
admin_/ArchitecureII.md: Using EditorConfig core...
admin_/ArchitecureII.md: Using EditorConfig core...
ArchitecureII.md: Target charset is not set
admin_/ArchitecureII.md: Using EditorConfig core...
admin_/ArchitecureII.md: Using EditorConfig core...
ArchitecureII.md: Target charset is not set
admin_/AechitectureI.md: {"tabSize":4,"indentSize":4,"insertSpaces":true,"cursorStyle":1,"lineNumbers":1}
admin_/AechitectureI.md: Using EditorConfig core...
AechitectureI.md: Target charset is not set
admin_/AechitectureI.md: {"tabSize":4,"indentSize":4,"insertSpaces":true,"cursorStyle":1,"lineNumbers":1}
admin_/AechitectureI.md: Using EditorConfig core...
admin_/AechitectureI.md: Using EditorConfig core...
AechitectureI.md: Target charset is not set
admin_/AechitectureI.md: Using EditorConfig core...
admin_/AechitectureI.md: Using EditorConfig core...
AechitectureI.md: Target charset is not set
admin_/AechitectureI.md: {"tabSize":4,"indentSize":4,"insertSpaces":true,"cursorStyle":1,"lineNumbers":1}
admin_/AechitectureI.md: {"tabSize":4,"indentSize":4,"insertSpaces":true,"cursorStyle":1,"lineNumbers":1}
admin_/AechitectureI.md: {"tabSize":4,"indentSize":4,"insertSpaces":true,"cursorStyle":1,"lineNumbers":1}
admin_/AechitectureI.md: {"tabSize":4,"indentSize":4,"insertSpaces":true,"cursorStyle":1,"lineNumbers":1}
admin_/AechitectureI.md: {"tabSize":4,"indentSize":4,"insertSpaces":true,"cursorStyle":1,"lineNumbers":1}
admin_/AechitectureI.md: {"tabSize":4,"indentSize":4,"insertSpaces":true,"cursorStyle":1,"lineNumbers":1}
admin_/AechitectureI.md: {"tabSize":4,"indentSize":4,"insertSpaces":true,"cursorStyle":1,"lineNumbers":1}
admin_/AechitectureI.md: {"tabSize":4,"indentSize":4,"insertSpaces":true,"cursorStyle":1,"lineNumbers":1}
admin_/AechitectureI.md: {"tabSize":4,"indentSize":4,"insertSpaces":true,"cursorStyle":1,"lineNumbers":1}
admin_/AechitectureI.md: {"tabSize":4,"indentSize":4,"insertSpaces":true,"cursorStyle":1,"lineNumbers":1}
admin_/models.py: {"tabSize":4,"indentSize":4,"insertSpaces":true,"cursorStyle":1,"lineNumbers":1}
admin_/models.py: Using EditorConfig core...
models.py: Target charset is not set
admin_/schemas.py: {"tabSize":4,"indentSize":4,"insertSpaces":true,"cursorStyle":1,"lineNumbers":1}
admin_/schemas.py: Using EditorConfig core...
schemas.py: Target charset is not set
admin_/database.py: {"tabSize":4,"indentSize":4,"insertSpaces":true,"cursorStyle":1,"lineNumbers":1}
admin_/database.py: Using EditorConfig core...
database.py: Target charset is not set
admin_/cache.py: {"tabSize":4,"indentSize":4,"insertSpaces":true,"cursorStyle":1,"lineNumbers":1}
admin_/cache.py: Using EditorConfig core...
cache.py: Target charset is not set
admin_/dependencies.py: {"tabSize":4,"indentSize":4,"insertSpaces":true,"cursorStyle":1,"lineNumbers":1}
admin_/dependencies.py: Using EditorConfig core...
dependencies.py: Target charset is not set
admin_/tasks.py: {"tabSize":4,"indentSize":4,"insertSpaces":true,"cursorStyle":1,"lineNumbers":1}
admin_/tasks.py: Using EditorConfig core...
tasks.py: Target charset is not set
admin_/main.py: {"tabSize":4,"indentSize":4,"insertSpaces":true,"cursorStyle":1,"lineNumbers":1}
admin_/main.py: Using EditorConfig core...
main.py: Target charset is not set
admin_/main.py: Using EditorConfig core...
admin_/main.py: Using EditorConfig core...
main.py: Target charset is not set
admin_/models.py: Using EditorConfig core...
admin_/models.py: Using EditorConfig core...
models.py: Target charset is not set
admin_/schemas.py: Using EditorConfig core...
admin_/schemas.py: Using EditorConfig core...
schemas.py: Target charset is not set
admin_/database.py: Using EditorConfig core...
admin_/database.py: Using EditorConfig core...
database.py: Target charset is not set
admin_/cache.py: Using EditorConfig core...
admin_/cache.py: Using EditorConfig core...
cache.py: Target charset is not set
admin_/dependencies.py: Using EditorConfig core...
admin_/dependencies.py: Using EditorConfig core...
dependencies.py: Target charset is not set
admin_/tasks.py: Using EditorConfig core...
admin_/tasks.py: Using EditorConfig core...
tasks.py: Target charset is not set
admin_/main.py: Using EditorConfig core...
admin_/main.py: Using EditorConfig core...
main.py: Target charset is not set
admin_/Dockerfile: {"tabSize":4,"indentSize":4,"insertSpaces":true,"cursorStyle":1,"lineNumbers":1}
admin_/Dockerfile: Using EditorConfig core...
Dockerfile: Target charset is not set
admin_/requirements.txt: {"tabSize":4,"indentSize":4,"insertSpaces":true,"cursorStyle":1,"lineNumbers":1}
admin_/requirements.txt: Using EditorConfig core...
requirements.txt: Target charset is not set
admin_/deployment.md: {"tabSize":4,"indentSize":4,"insertSpaces":true,"cursorStyle":1,"lineNumbers":1}
admin_/deployment.md: Using EditorConfig core...
deployment.md: Target charset is not set
admin_/deployment.md: Using EditorConfig core...
admin_/deployment.md: Using EditorConfig core...
deployment.md: Target charset is not set
admin_/Dockerfile: Using EditorConfig core...
admin_/Dockerfile: Using EditorConfig core...
Dockerfile: Target charset is not set
admin_/requirements.txt: Using EditorConfig core...
admin_/requirements.txt: Using EditorConfig core...
requirements.txt: Target charset is not set
admin_/deployment.md: Using EditorConfig core...
admin_/deployment.md: Using EditorConfig core...
deployment.md: Target charset is not set
admin_/deployment.md: {"tabSize":4,"indentSize":4,"insertSpaces":true,"cursorStyle":1,"lineNumbers":1}
admin_/schemas.py: {"tabSize":4,"indentSize":4,"insertSpaces":true,"cursorStyle":1,"lineNumbers":1}
admin_/schemas.py: Using EditorConfig core...
schemas.py: Target charset is not set
admin_/schemas.py: {"tabSize":4,"indentSize":4,"insertSpaces":true,"cursorStyle":1,"lineNumbers":1}
admin_/.gitignore: {"tabSize":4,"indentSize":4,"insertSpaces":true,"cursorStyle":1,"lineNumbers":1}
admin_/.gitignore: Using EditorConfig core...
.gitignore: Target charset is not set
admin_/.gitignore: Using EditorConfig core...
admin_/.gitignore: Using EditorConfig core...
.gitignore: Target charset is not set
admin_/.gitignore: Using EditorConfig core...
admin_/.gitignore: Using EditorConfig core...
.gitignore: Target charset is not set
admin_/.gitignore: {"tabSize":4,"indentSize":4,"insertSpaces":true,"cursorStyle":1,"lineNumbers":1}
admin_/.gitignore: {"tabSize":4,"indentSize":4,"insertSpaces":true,"cursorStyle":1,"lineNumbers":1}
admin_/.gitignore: {"tabSize":4,"indentSize":4,"insertSpaces":true,"cursorStyle":1,"lineNumbers":1}
admin_/.gitignore: {"tabSize":4,"indentSize":4,"insertSpaces":true,"cursorStyle":1,"lineNumbers":1}
admin_/.gitignore: {"tabSize":4,"indentSize":4,"insertSpaces":true,"cursorStyle":1,"lineNumbers":1}
admin_/.gitignore: {"tabSize":4,"indentSize":4,"insertSpaces":true,"cursorStyle":1,"lineNumbers":1}
admin_/.gitignore: {"tabSize":4,"indentSize":4,"insertSpaces":true,"cursorStyle":1,"lineNumbers":1}
admin_/.gitignore: {"tabSize":4,"indentSize":4,"insertSpaces":true,"cursorStyle":1,"lineNumbers":1}
admin_/.gitignore: {"tabSize":4,"indentSize":4,"insertSpaces":true,"cursorStyle":1,"lineNumbers":1}
admin_/.gitignore: {"tabSize":4,"indentSize":4,"insertSpaces":true,"cursorStyle":1,"lineNumbers":1}
admin_/.gitignore: Using EditorConfig core...
admin_/.gitignore: Using EditorConfig core...
.gitignore: Target charset is not set
